// Jest Snapshot v1, https://goo.gl/fbAQLP

exports[`Opts.js to match snapshot 1`] = `"<div className=\\"fig-opts\\"><div className=\\"siimple-h6\\">Opts</div><div className=\\"siimple-table siimple-table--border\\"><div className=\\"siimple-table-header\\"><div className=\\"siimple-table-row\\"><div className=\\"siimple-table-cell siimple--width-25\\">Opts Name</div><div className=\\"siimple-table-cell siimple--width-75\\">Value</div></div></div><div className=\\"siimple-table-body\\"><div className=\\"siimple-table-row\\"><div className=\\"siimple-table-cell siimple--width-25\\">a</div><div className=\\"siimple-table-cell siimple--width-75\\"></div></div><div className=\\"siimple-table-row\\"><div className=\\"siimple-table-cell siimple--width-25\\">b</div><div className=\\"siimple-table-cell siimple--width-75\\"></div></div><div className=\\"siimple-table-row\\"><div className=\\"siimple-table-cell siimple--width-25\\">c</div><div className=\\"siimple-table-cell siimple--width-75\\"></div></div><div className=\\"siimple-table-row\\"><div className=\\"siimple-table-cell siimple--width-25\\">d</div><div className=\\"siimple-table-cell siimple--width-75\\"></div></div><div className=\\"siimple-table-row\\"><div className=\\"siimple-table-cell siimple--width-25\\">e</div><div className=\\"siimple-table-cell siimple--width-75\\"></div></div></div></div></div>"`;
